XYZData: Output/driver01
x:
[1, 2, 3, 4]
y:
[2, 4, 6, 8]
z:
[4, 8, 12, 16]
dump:
[1, 2, 4]
[2, 4, 8]
[3, 6, 12]
[4, 8, 16]
dump xyz:
[5, 8, 1.2]
[5, 16, 2.1]
[5, 32, 3.1]
[5, 64, 4.1]
[5, 128, 5.1]
[5, 256, 6.1]
[5, 512, 7.1]
[5, 1024, 8.1]
*** swapxz:
dump:
[1.2, 8, 5]
[2.1, 16, 5]
[3.1, 32, 5]
[4.1, 64, 5]
[5.1, 128, 5]
[6.1, 256, 5]
[7.1, 512, 5]
[8.1, 1024, 5]
Print: [[1.2, 8, 5], [2.1, 16, 5], [3.1, 32, 5], [4.1, 64, 5], [5.1, 128, 5], [6.1, 256, 5], [7.1, 512, 5], [8.1, 1024, 5]]
*** swapxy:
dump:
[8, 1.2, 5]
[16, 2.1, 5]
[32, 3.1, 5]
[64, 4.1, 5]
[128, 5.1, 5]
[256, 6.1, 5]
[512, 7.1, 5]
[1024, 8.1, 5]
Print: [[8, 1.2, 5], [16, 2.1, 5], [32, 3.1, 5], [64, 4.1, 5], [128, 5.1, 5], [256, 6.1, 5], [512, 7.1, 5], [1024, 8.1, 5]]
*** swapyz:
dump:
[8, 5, 1.2]
[16, 5, 2.1]
[32, 5, 3.1]
[64, 5, 4.1]
[128, 5, 5.1]
[256, 5, 6.1]
[512, 5, 7.1]
[1024, 5, 8.1]
Print: [[8, 5, 1.2], [16, 5, 2.1], [32, 5, 3.1], [64, 5, 4.1], [128, 5, 5.1], [256, 5, 6.1], [512, 5, 7.1], [1024, 5, 8.1]]
Output/driver01
